lib/ai/transcript-analyzer.ts(64,9): error TS2741: Property 'processor' is missing in type 'ZeroShotClassificationPipeline' but required in type 'Pipeline'.
lib/ai/transcript-analyzer.ts(80,9): error TS2741: Property 'processor' is missing in type 'TextClassificationPipeline' but required in type 'Pipeline'.
