lib/ai/transcript-analyzer.ts(86,49): error TS1501: This regular expression flag is only available when targeting 'es2018' or later.
lib/ai/transcript-analyzer.ts(138,49): error TS1501: This regular expression flag is only available when targeting 'es2018' or later.
